[
  200006,
  1428,
  200008,
  176289,
  220,
  3086,
  220,
  27176,
  200007,
  200006,
  173781,
  200005,
  35644,
  200008,
  30377,
  289,
  220,
  258,
  220,
  31705,
  200007,
  200006,
  173781,
  220,
  935,
  28,
  44580,
  16128,
  200005,
  12606,
  815,
  200008,
  17952,
  220,
  9925,
  200012,
  200006,
  44580,
  16128,
  200008,
  12083,
  200007,
  200006,
  173781,
  200005,
  17196,
  200008,
  12253,
  220,
  13320,
  220,
  2319,
  200007
]
