[
  200006,
  173781,
  200005,
  12606,
  815,
  220,
  200003,
  4108,
  200008,
  10848,
  16660,
  1243,
  220,
  16,
  92,
  200007
]
