[
  200006,
  1428,
  200008,
  77142,
  200007,
  200006,
  173781,
  200005,
  17196,
  200008,
  47,
  705,
  200002
]
