[
  200006,
  1428,
  200008,
  4827,
  220,
  276,
  220,
  3086,
  220,
  28393,
  220,
  258,
  220,
  46661,
  30,
  200007,
  200006,
  173781,
  200005,
  35644,
  200008,
  1844,
  220,
  9523,
  25,
  392,
  4827,
  220,
  276,
  220,
  3086,
  220,
  28393,
  220,
  258,
  220,
  46661,
  16842,
  220,
  2167,
  220,
  24630,
  220,
  935,
  220,
  1821,
  220,
  29712,
  170154,
  220,
  17952,
  13,
  200007,
  200006,
  173781,
  220,
  935,
  28,
  44580,
  76043,
  170154,
  200005,
  12606,
  815,
  220,
  200003,
  4108,
  200008,
  10848,
  7693,
  1243,
  392,
  28499,
  220,
  106672,
  13009,
  18583,
  200012,
  200006,
  44580,
  76043,
  170154,
  200008,
  10848,
  54267,
  1243,
  220,
  455,
  11,
  392,
  9186,
  1243,
  392,
  41133,
  3008,
  18583,
  200007,
  200006,
  173781
]
